c:/Users/Pooja/Documents/CorpExpenseAudit/.venv/Scripts/python.exe : 
C:\Users\Pooja\Documents\CorpExpenseAudit\inference.py:158: 
PydanticDeprecatedSince20: The `dict` method is deprecated; use `model_dump` 
instead. Deprecated in Pydantic V2.0 to be removed in V3.0. See Pydantic V2 
Migration Guide at https://errors.pydantic.dev/2.12/migration/
At line:1 char:1
+ c:/Users/Pooja/Documents/CorpExpenseAudit/.venv/Scripts/python.exe in ...
+ ~~~~~~~~~~~~~~~~~~~~~~~~~~~~~~~~~~~~~~~~~~~~~~~~~~~~~~~~~~~~~~~~~~~~~
    + CategoryInfo          : NotSpecified: (C:\Users\Pooja\...2.12/migration/ 
   :String) [], RemoteException
    + FullyQualifiedErrorId : NativeCommandError
 
  "metrics": metrics.dict()
======================================================================
CorpExpenseAudit - AI-Powered Expense Audit System
======================================================================


######################################################################
# Running EASY Task
######################################################################
[+] Initialized ExpenseAuditAgent
    Task Difficulty: easy
    Model: nousresearch/Nous-Hermes-2-Mixtral-8x7B-DPO
    API Base URL: https://router.huggingface.co/v1

======================================================================
Starting CorpExpenseAudit Task: EASY
======================================================================

Task Summary:
  - Total Claims: 9
  - Max Steps: 40

Sample Claims:
  1. Cab fare to office - Day 1
     Claim ID: b5818de3, Amount: Rs1500
  2. Cab fare to office - Day 2
     Claim ID: bf1c71ae, Amount: Rs1700
  3. Cab fare to office - Day 3
     Claim ID: 36c6efe8, Amount: Rs1900

--- Step 1 / 50 ---
[-] LLM call failed: Error code: 400 - {'error': {'message': "The requested model 'nousresearch/Nous-Hermes-2-Mixtral-8x7B-DPO' does not exist.", 'type': 'invalid_request_error', 'param': 'model', 'code': 'model_not_found'}}
Action: inspect_claim
Reward: +0.0200
Cumulative Reward: +0.0200

--- Step 2 / 50 ---
[-] LLM call failed: Error code: 400 - {'error': {'message': "The requested model 'nousresearch/Nous-Hermes-2-Mixtral-8x7B-DPO' does not exist.", 'type': 'invalid_request_error', 'param': 'model', 'code': 'model_not_found'}}
Action: inspect_claim
Reward: +0.0200
Cumulative Reward: +0.0400

--- Step 3 / 50 ---
[-] LLM call failed: Error code: 400 - {'error': {'message': "The requested model 'nousresearch/Nous-Hermes-2-Mixtral-8x7B-DPO' does not exist.", 'type': 'invalid_request_error', 'param': 'model', 'code': 'model_not_found'}}
Action: inspect_claim
Reward: +0.0200
Cumulative Reward: +0.0600

--- Step 4 / 50 ---
[-] LLM call failed: Error code: 400 - {'error': {'message': "The requested model 'nousresearch/Nous-Hermes-2-Mixtral-8x7B-DPO' does not exist.", 'type': 'invalid_request_error', 'param': 'model', 'code': 'model_not_found'}}
Action: inspect_claim
Reward: +0.0200
Cumulative Reward: +0.0800

--- Step 5 / 50 ---
[-] LLM call failed: Error code: 400 - {'error': {'message': "The requested model 'nousresearch/Nous-Hermes-2-Mixtral-8x7B-DPO' does not exist.", 'type': 'invalid_request_error', 'param': 'model', 'code': 'model_not_found'}}
Action: inspect_claim
Reward: +0.0200
Cumulative Reward: +0.1000

--- Step 6 / 50 ---
[-] LLM call failed: Error code: 400 - {'error': {'message': "The requested model 'nousresearch/Nous-Hermes-2-Mixtral-8x7B-DPO' does not exist.", 'type': 'invalid_request_error', 'param': 'model', 'code': 'model_not_found'}}
Action: inspect_claim
Reward: +0.0200
Cumulative Reward: +0.1200

--- Step 7 / 50 ---
[-] LLM call failed: Error code: 400 - {'error': {'message': "The requested model 'nousresearch/Nous-Hermes-2-Mixtral-8x7B-DPO' does not exist.", 'type': 'invalid_request_error', 'param': 'model', 'code': 'model_not_found'}}
Action: inspect_claim
Reward: +0.0200
Cumulative Reward: +0.1400

--- Step 8 / 50 ---
[-] LLM call failed: Error code: 400 - {'error': {'message': "The requested model 'nousresearch/Nous-Hermes-2-Mixtral-8x7B-DPO' does not exist.", 'type': 'invalid_request_error', 'param': 'model', 'code': 'model_not_found'}}
Action: inspect_claim
Reward: +0.0200
Cumulative Reward: +0.1600

--- Step 9 / 50 ---
[-] LLM call failed: Error code: 400 - {'error': {'message': "The requested model 'nousresearch/Nous-Hermes-2-Mixtral-8x7B-DPO' does not exist.", 'type': 'invalid_request_error', 'param': 'model', 'code': 'model_not_found'}}
Action: inspect_claim
Reward: +0.0200
Cumulative Reward: +0.1800

--- Step 10 / 50 ---
[-] LLM call failed: Error code: 400 - {'error': {'message': "The requested model 'nousresearch/Nous-Hermes-2-Mixtral-8x7B-DPO' does not exist.", 'type': 'invalid_request_error', 'param': 'model', 'code': 'model_not_found'}}
Action: inspect_claim
Reward: +0.0200
Cumulative Reward: +0.2000

--- Step 11 / 50 ---
[-] LLM call failed: Error code: 400 - {'error': {'message': "The requested model 'nousresearch/Nous-Hermes-2-Mixtral-8x7B-DPO' does not exist.", 'type': 'invalid_request_error', 'param': 'model', 'code': 'model_not_found'}}
Action: inspect_claim
Reward: +0.0200
Cumulative Reward: +0.2200

--- Step 12 / 50 ---
[-] LLM call failed: Error code: 400 - {'error': {'message': "The requested model 'nousresearch/Nous-Hermes-2-Mixtral-8x7B-DPO' does not exist.", 'type': 'invalid_request_error', 'param': 'model', 'code': 'model_not_found'}}
Action: inspect_claim
Reward: +0.0200
Cumulative Reward: +0.2400

--- Step 13 / 50 ---
[-] LLM call failed: Error code: 400 - {'error': {'message': "The requested model 'nousresearch/Nous-Hermes-2-Mixtral-8x7B-DPO' does not exist.", 'type': 'invalid_request_error', 'param': 'model', 'code': 'model_not_found'}}
Action: inspect_claim
Reward: +0.0200
Cumulative Reward: +0.2600

--- Step 14 / 50 ---
[-] LLM call failed: Error code: 400 - {'error': {'message': "The requested model 'nousresearch/Nous-Hermes-2-Mixtral-8x7B-DPO' does not exist.", 'type': 'invalid_request_error', 'param': 'model', 'code': 'model_not_found'}}
Action: inspect_claim
Reward: +0.0200
Cumulative Reward: +0.2800

--- Step 15 / 50 ---
[-] LLM call failed: Error code: 400 - {'error': {'message': "The requested model 'nousresearch/Nous-Hermes-2-Mixtral-8x7B-DPO' does not exist.", 'type': 'invalid_request_error', 'param': 'model', 'code': 'model_not_found'}}
Action: inspect_claim
Reward: +0.0000
Cumulative Reward: +0.2800

--- Step 16 / 50 ---
[-] LLM call failed: Error code: 400 - {'error': {'message': "The requested model 'nousresearch/Nous-Hermes-2-Mixtral-8x7B-DPO' does not exist.", 'type': 'invalid_request_error', 'param': 'model', 'code': 'model_not_found'}}
Action: inspect_claim
Reward: +0.0200
Cumulative Reward: +0.3000

--- Step 17 / 50 ---
[-] LLM call failed: Error code: 400 - {'error': {'message': "The requested model 'nousresearch/Nous-Hermes-2-Mixtral-8x7B-DPO' does not exist.", 'type': 'invalid_request_error', 'param': 'model', 'code': 'model_not_found'}}
Action: inspect_claim
Reward: +0.0200
Cumulative Reward: +0.3200

--- Step 18 / 50 ---
[-] LLM call failed: Error code: 400 - {'error': {'message': "The requested model 'nousresearch/Nous-Hermes-2-Mixtral-8x7B-DPO' does not exist.", 'type': 'invalid_request_error', 'param': 'model', 'code': 'model_not_found'}}
Action: inspect_claim
Reward: +0.0200
Cumulative Reward: +0.3400

--- Step 19 / 50 ---
[-] LLM call failed: Error code: 400 - {'error': {'message': "The requested model 'nousresearch/Nous-Hermes-2-Mixtral-8x7B-DPO' does not exist.", 'type': 'invalid_request_error', 'param': 'model', 'code': 'model_not_found'}}
Action: inspect_claim
Reward: +0.0200
Cumulative Reward: +0.3600

--- Step 20 / 50 ---
[-] LLM call failed: Error code: 400 - {'error': {'message': "The requested model 'nousresearch/Nous-Hermes-2-Mixtral-8x7B-DPO' does not exist.", 'type': 'invalid_request_error', 'param': 'model', 'code': 'model_not_found'}}
Action: inspect_claim
Reward: +0.0000
Cumulative Reward: +0.3600

--- Step 21 / 50 ---
[-] LLM call failed: Error code: 400 - {'error': {'message': "The requested model 'nousresearch/Nous-Hermes-2-Mixtral-8x7B-DPO' does not exist.", 'type': 'invalid_request_error', 'param': 'model', 'code': 'model_not_found'}}
Action: inspect_claim
Reward: +0.0200
Cumulative Reward: +0.3800

--- Step 22 / 50 ---
[-] LLM call failed: Error code: 400 - {'error': {'message': "The requested model 'nousresearch/Nous-Hermes-2-Mixtral-8x7B-DPO' does not exist.", 'type': 'invalid_request_error', 'param': 'model', 'code': 'model_not_found'}}
Action: inspect_claim
Reward: +0.0200
Cumulative Reward: +0.4000

--- Step 23 / 50 ---
[-] LLM call failed: Error code: 400 - {'error': {'message': "The requested model 'nousresearch/Nous-Hermes-2-Mixtral-8x7B-DPO' does not exist.", 'type': 'invalid_request_error', 'param': 'model', 'code': 'model_not_found'}}
Action: inspect_claim
Reward: +0.0200
Cumulative Reward: +0.4200

--- Step 24 / 50 ---
[-] LLM call failed: Error code: 400 - {'error': {'message': "The requested model 'nousresearch/Nous-Hermes-2-Mixtral-8x7B-DPO' does not exist.", 'type': 'invalid_request_error', 'param': 'model', 'code': 'model_not_found'}}
Action: inspect_claim
Reward: +0.0200
Cumulative Reward: +0.4400

--- Step 25 / 50 ---
[-] LLM call failed: Error code: 400 - {'error': {'message': "The requested model 'nousresearch/Nous-Hermes-2-Mixtral-8x7B-DPO' does not exist.", 'type': 'invalid_request_error', 'param': 'model', 'code': 'model_not_found'}}
Action: inspect_claim
Reward: +0.0000
Cumulative Reward: +0.4400

--- Step 26 / 50 ---
[-] LLM call failed: Error code: 400 - {'error': {'message': "The requested model 'nousresearch/Nous-Hermes-2-Mixtral-8x7B-DPO' does not exist.", 'type': 'invalid_request_error', 'param': 'model', 'code': 'model_not_found'}}
Action: inspect_claim
Reward: +0.0200
Cumulative Reward: +0.4600

--- Step 27 / 50 ---
[-] LLM call failed: Error code: 400 - {'error': {'message': "The requested model 'nousresearch/Nous-Hermes-2-Mixtral-8x7B-DPO' does not exist.", 'type': 'invalid_request_error', 'param': 'model', 'code': 'model_not_found'}}
Action: inspect_claim
Reward: +0.0200
Cumulative Reward: +0.4800

--- Step 28 / 50 ---
[-] LLM call failed: Error code: 400 - {'error': {'message': "The requested model 'nousresearch/Nous-Hermes-2-Mixtral-8x7B-DPO' does not exist.", 'type': 'invalid_request_error', 'param': 'model', 'code': 'model_not_found'}}
Action: inspect_claim
Reward: +0.0200
Cumulative Reward: +0.5000

--- Step 29 / 50 ---
[-] LLM call failed: Error code: 400 - {'error': {'message': "The requested model 'nousresearch/Nous-Hermes-2-Mixtral-8x7B-DPO' does not exist.", 'type': 'invalid_request_error', 'param': 'model', 'code': 'model_not_found'}}
Action: inspect_claim
Reward: +0.0200
Cumulative Reward: +0.5200

--- Step 30 / 50 ---
[-] LLM call failed: Error code: 400 - {'error': {'message': "The requested model 'nousresearch/Nous-Hermes-2-Mixtral-8x7B-DPO' does not exist.", 'type': 'invalid_request_error', 'param': 'model', 'code': 'model_not_found'}}
Action: inspect_claim
Reward: +0.0000
Cumulative Reward: +0.5200

--- Step 31 / 50 ---
[-] LLM call failed: Error code: 400 - {'error': {'message': "The requested model 'nousresearch/Nous-Hermes-2-Mixtral-8x7B-DPO' does not exist.", 'type': 'invalid_request_error', 'param': 'model', 'code': 'model_not_found'}}
Action: inspect_claim
Reward: +0.0200
Cumulative Reward: +0.5400

--- Step 32 / 50 ---
[-] LLM call failed: Error code: 400 - {'error': {'message': "The requested model 'nousresearch/Nous-Hermes-2-Mixtral-8x7B-DPO' does not exist.", 'type': 'invalid_request_error', 'param': 'model', 'code': 'model_not_found'}}
Action: inspect_claim
Reward: +0.0200
Cumulative Reward: +0.5600

--- Step 33 / 50 ---
[-] LLM call failed: Error code: 400 - {'error': {'message': "The requested model 'nousresearch/Nous-Hermes-2-Mixtral-8x7B-DPO' does not exist.", 'type': 'invalid_request_error', 'param': 'model', 'code': 'model_not_found'}}
Action: inspect_claim
Reward: +0.0200
Cumulative Reward: +0.5800

--- Step 34 / 50 ---
[-] LLM call failed: Error code: 400 - {'error': {'message': "The requested model 'nousresearch/Nous-Hermes-2-Mixtral-8x7B-DPO' does not exist.", 'type': 'invalid_request_error', 'param': 'model', 'code': 'model_not_found'}}
Action: inspect_claim
Reward: +0.0200
Cumulative Reward: +0.6000

--- Step 35 / 50 ---
[-] LLM call failed: Error code: 400 - {'error': {'message': "The requested model 'nousresearch/Nous-Hermes-2-Mixtral-8x7B-DPO' does not exist.", 'type': 'invalid_request_error', 'param': 'model', 'code': 'model_not_found'}}
Action: inspect_claim
Reward: +0.0000
Cumulative Reward: +0.6000

--- Step 36 / 50 ---
[-] LLM call failed: Error code: 400 - {'error': {'message': "The requested model 'nousresearch/Nous-Hermes-2-Mixtral-8x7B-DPO' does not exist.", 'type': 'invalid_request_error', 'param': 'model', 'code': 'model_not_found'}}
Action: inspect_claim
Reward: +0.0200
Cumulative Reward: +0.6200

--- Step 37 / 50 ---
[-] LLM call failed: Error code: 400 - {'error': {'message': "The requested model 'nousresearch/Nous-Hermes-2-Mixtral-8x7B-DPO' does not exist.", 'type': 'invalid_request_error', 'param': 'model', 'code': 'model_not_found'}}
Action: inspect_claim
Reward: +0.0200
Cumulative Reward: +0.6400

--- Step 38 / 50 ---
[-] LLM call failed: Error code: 400 - {'error': {'message': "The requested model 'nousresearch/Nous-Hermes-2-Mixtral-8x7B-DPO' does not exist.", 'type': 'invalid_request_error', 'param': 'model', 'code': 'model_not_found'}}
Action: inspect_claim
Reward: +0.0200
Cumulative Reward: +0.6600

--- Step 39 / 50 ---
[-] LLM call failed: Error code: 400 - {'error': {'message': "The requested model 'nousresearch/Nous-Hermes-2-Mixtral-8x7B-DPO' does not exist.", 'type': 'invalid_request_error', 'param': 'model', 'code': 'model_not_found'}}
Action: inspect_claim
Reward: +0.0200
Cumulative Reward: +0.6800

--- Step 40 / 50 ---
[-] LLM call failed: Error code: 400 - {'error': {'message': "The requested model 'nousresearch/Nous-Hermes-2-Mixtral-8x7B-DPO' does not exist.", 'type': 'invalid_request_error', 'param': 'model', 'code': 'model_not_found'}}
Action: inspect_claim
Reward: -0.1500
Cumulative Reward: +0.5300

[+] Audit completed in 40 steps

======================================================================
GRADING RESULTS
======================================================================

======================================================================
TASK GRADING RESULTS - EASY
======================================================================
Task ID: task_easy_1775155390
Final Score: 0.3000 / 1.0000
----------------------------------------------------------------------
Categorization Accuracy: 0/9 (0.00%)
Fraud Detection: 0/0 (100.00%)
False Positive Rate: 0 false alarms
GST Accuracy: 0 verified correctly
Approvals: 0 valid claims approved
Rejections: 0 fraudulent + 0 invalid
Fraud Approval Errors: 0 (Heavy penalty)
Steps Used: 40 / 40
Efficiency Score: 0.00%
Total Reward Accumulated: 0.5300
======================================================================



######################################################################
# Running MEDIUM Task
######################################################################
[+] Initialized ExpenseAuditAgent
    Task Difficulty: medium
    Model: nousresearch/Nous-Hermes-2-Mixtral-8x7B-DPO
    API Base URL: https://router.huggingface.co/v1

======================================================================
Starting CorpExpenseAudit Task: MEDIUM
======================================================================

Task Summary:
  - Total Claims: 14
  - Max Steps: 50

Sample Claims:
  1. Cab fare to office - Day 1
     Claim ID: a11d0bab, Amount: Rs1500
  2. Cab fare to office - Day 2
     Claim ID: b33a376a, Amount: Rs1700
  3. Cab fare to office - Day 3
     Claim ID: 684077e5, Amount: Rs1900

--- Step 1 / 50 ---
[-] LLM call failed: Error code: 400 - {'error': {'message': "The requested model 'nousresearch/Nous-Hermes-2-Mixtral-8x7B-DPO' does not exist.", 'type': 'invalid_request_error', 'param': 'model', 'code': 'model_not_found'}}
Action: inspect_claim
Reward: +0.0200
Cumulative Reward: +0.0200

--- Step 2 / 50 ---
[-] LLM call failed: Error code: 400 - {'error': {'message': "The requested model 'nousresearch/Nous-Hermes-2-Mixtral-8x7B-DPO' does not exist.", 'type': 'invalid_request_error', 'param': 'model', 'code': 'model_not_found'}}
Action: inspect_claim
Reward: +0.0200
Cumulative Reward: +0.0400

--- Step 3 / 50 ---
[-] LLM call failed: Error code: 400 - {'error': {'message': "The requested model 'nousresearch/Nous-Hermes-2-Mixtral-8x7B-DPO' does not exist.", 'type': 'invalid_request_error', 'param': 'model', 'code': 'model_not_found'}}
Action: inspect_claim
Reward: +0.0200
Cumulative Reward: +0.0600

--- Step 4 / 50 ---
[-] LLM call failed: Error code: 400 - {'error': {'message': "The requested model 'nousresearch/Nous-Hermes-2-Mixtral-8x7B-DPO' does not exist.", 'type': 'invalid_request_error', 'param': 'model', 'code': 'model_not_found'}}
Action: inspect_claim
Reward: +0.0200
Cumulative Reward: +0.0800

--- Step 5 / 50 ---
[-] LLM call failed: Error code: 400 - {'error': {'message': "The requested model 'nousresearch/Nous-Hermes-2-Mixtral-8x7B-DPO' does not exist.", 'type': 'invalid_request_error', 'param': 'model', 'code': 'model_not_found'}}
Action: inspect_claim
Reward: +0.0200
Cumulative Reward: +0.1000

--- Step 6 / 50 ---
[-] LLM call failed: Error code: 400 - {'error': {'message': "The requested model 'nousresearch/Nous-Hermes-2-Mixtral-8x7B-DPO' does not exist.", 'type': 'invalid_request_error', 'param': 'model', 'code': 'model_not_found'}}
Action: inspect_claim
Reward: +0.0200
Cumulative Reward: +0.1200

--- Step 7 / 50 ---
[-] LLM call failed: Error code: 400 - {'error': {'message': "The requested model 'nousresearch/Nous-Hermes-2-Mixtral-8x7B-DPO' does not exist.", 'type': 'invalid_request_error', 'param': 'model', 'code': 'model_not_found'}}
Action: inspect_claim
Reward: +0.0200
Cumulative Reward: +0.1400

--- Step 8 / 50 ---
[-] LLM call failed: Error code: 400 - {'error': {'message': "The requested model 'nousresearch/Nous-Hermes-2-Mixtral-8x7B-DPO' does not exist.", 'type': 'invalid_request_error', 'param': 'model', 'code': 'model_not_found'}}
Action: inspect_claim
Reward: +0.0200
Cumulative Reward: +0.1600

--- Step 9 / 50 ---
[-] LLM call failed: Error code: 400 - {'error': {'message': "The requested model 'nousresearch/Nous-Hermes-2-Mixtral-8x7B-DPO' does not exist.", 'type': 'invalid_request_error', 'param': 'model', 'code': 'model_not_found'}}
Action: inspect_claim
Reward: +0.0200
Cumulative Reward: +0.1800

--- Step 10 / 50 ---
[-] LLM call failed: Error code: 400 - {'error': {'message': "The requested model 'nousresearch/Nous-Hermes-2-Mixtral-8x7B-DPO' does not exist.", 'type': 'invalid_request_error', 'param': 'model', 'code': 'model_not_found'}}
Action: inspect_claim
Reward: +0.0200
Cumulative Reward: +0.2000

--- Step 11 / 50 ---
[-] LLM call failed: Error code: 400 - {'error': {'message': "The requested model 'nousresearch/Nous-Hermes-2-Mixtral-8x7B-DPO' does not exist.", 'type': 'invalid_request_error', 'param': 'model', 'code': 'model_not_found'}}
Action: inspect_claim
Reward: +0.0200
Cumulative Reward: +0.2200

--- Step 12 / 50 ---
[-] LLM call failed: Error code: 400 - {'error': {'message': "The requested model 'nousresearch/Nous-Hermes-2-Mixtral-8x7B-DPO' does not exist.", 'type': 'invalid_request_error', 'param': 'model', 'code': 'model_not_found'}}
Action: inspect_claim
Reward: +0.0200
Cumulative Reward: +0.2400

--- Step 13 / 50 ---
[-] LLM call failed: Error code: 400 - {'error': {'message': "The requested model 'nousresearch/Nous-Hermes-2-Mixtral-8x7B-DPO' does not exist.", 'type': 'invalid_request_error', 'param': 'model', 'code': 'model_not_found'}}
Action: inspect_claim
Reward: +0.0200
Cumulative Reward: +0.2600

--- Step 14 / 50 ---
[-] LLM call failed: Error code: 400 - {'error': {'message': "The requested model 'nousresearch/Nous-Hermes-2-Mixtral-8x7B-DPO' does not exist.", 'type': 'invalid_request_error', 'param': 'model', 'code': 'model_not_found'}}
Action: inspect_claim
Reward: +0.0200
Cumulative Reward: +0.2800

--- Step 15 / 50 ---
[-] LLM call failed: Error code: 400 - {'error': {'message': "The requested model 'nousresearch/Nous-Hermes-2-Mixtral-8x7B-DPO' does not exist.", 'type': 'invalid_request_error', 'param': 'model', 'code': 'model_not_found'}}
Action: inspect_claim
Reward: +0.0000
Cumulative Reward: +0.2800

--- Step 16 / 50 ---
[-] LLM call failed: Error code: 400 - {'error': {'message': "The requested model 'nousresearch/Nous-Hermes-2-Mixtral-8x7B-DPO' does not exist.", 'type': 'invalid_request_error', 'param': 'model', 'code': 'model_not_found'}}
Action: inspect_claim
Reward: +0.0200
Cumulative Reward: +0.3000

--- Step 17 / 50 ---
[-] LLM call failed: Error code: 400 - {'error': {'message': "The requested model 'nousresearch/Nous-Hermes-2-Mixtral-8x7B-DPO' does not exist.", 'type': 'invalid_request_error', 'param': 'model', 'code': 'model_not_found'}}
Action: inspect_claim
Reward: +0.0200
Cumulative Reward: +0.3200

--- Step 18 / 50 ---
[-] LLM call failed: Error code: 400 - {'error': {'message': "The requested model 'nousresearch/Nous-Hermes-2-Mixtral-8x7B-DPO' does not exist.", 'type': 'invalid_request_error', 'param': 'model', 'code': 'model_not_found'}}
Action: inspect_claim
Reward: +0.0200
Cumulative Reward: +0.3400

--- Step 19 / 50 ---
[-] LLM call failed: Error code: 400 - {'error': {'message': "The requested model 'nousresearch/Nous-Hermes-2-Mixtral-8x7B-DPO' does not exist.", 'type': 'invalid_request_error', 'param': 'model', 'code': 'model_not_found'}}
Action: inspect_claim
Reward: +0.0200
Cumulative Reward: +0.3600

--- Step 20 / 50 ---
[-] LLM call failed: Error code: 400 - {'error': {'message': "The requested model 'nousresearch/Nous-Hermes-2-Mixtral-8x7B-DPO' does not exist.", 'type': 'invalid_request_error', 'param': 'model', 'code': 'model_not_found'}}
Action: inspect_claim
Reward: +0.0000
Cumulative Reward: +0.3600

--- Step 21 / 50 ---
[-] LLM call failed: Error code: 400 - {'error': {'message': "The requested model 'nousresearch/Nous-Hermes-2-Mixtral-8x7B-DPO' does not exist.", 'type': 'invalid_request_error', 'param': 'model', 'code': 'model_not_found'}}
Action: inspect_claim
Reward: +0.0200
Cumulative Reward: +0.3800

--- Step 22 / 50 ---
[-] LLM call failed: Error code: 400 - {'error': {'message': "The requested model 'nousresearch/Nous-Hermes-2-Mixtral-8x7B-DPO' does not exist.", 'type': 'invalid_request_error', 'param': 'model', 'code': 'model_not_found'}}
Action: inspect_claim
Reward: +0.0200
Cumulative Reward: +0.4000

--- Step 23 / 50 ---
[-] LLM call failed: Error code: 400 - {'error': {'message': "The requested model 'nousresearch/Nous-Hermes-2-Mixtral-8x7B-DPO' does not exist.", 'type': 'invalid_request_error', 'param': 'model', 'code': 'model_not_found'}}
Action: inspect_claim
Reward: +0.0200
Cumulative Reward: +0.4200

--- Step 24 / 50 ---
[-] LLM call failed: Error code: 400 - {'error': {'message': "The requested model 'nousresearch/Nous-Hermes-2-Mixtral-8x7B-DPO' does not exist.", 'type': 'invalid_request_error', 'param': 'model', 'code': 'model_not_found'}}
Action: inspect_claim
Reward: +0.0200
Cumulative Reward: +0.4400

--- Step 25 / 50 ---
[-] LLM call failed: Error code: 400 - {'error': {'message': "The requested model 'nousresearch/Nous-Hermes-2-Mixtral-8x7B-DPO' does not exist.", 'type': 'invalid_request_error', 'param': 'model', 'code': 'model_not_found'}}
Action: inspect_claim
Reward: +0.0000
Cumulative Reward: +0.4400

--- Step 26 / 50 ---
[-] LLM call failed: Error code: 400 - {'error': {'message': "The requested model 'nousresearch/Nous-Hermes-2-Mixtral-8x7B-DPO' does not exist.", 'type': 'invalid_request_error', 'param': 'model', 'code': 'model_not_found'}}
Action: inspect_claim
Reward: +0.0200
Cumulative Reward: +0.4600

--- Step 27 / 50 ---
[-] LLM call failed: Error code: 400 - {'error': {'message': "The requested model 'nousresearch/Nous-Hermes-2-Mixtral-8x7B-DPO' does not exist.", 'type': 'invalid_request_error', 'param': 'model', 'code': 'model_not_found'}}
Action: inspect_claim
Reward: +0.0200
Cumulative Reward: +0.4800

--- Step 28 / 50 ---
[-] LLM call failed: Error code: 400 - {'error': {'message': "The requested model 'nousresearch/Nous-Hermes-2-Mixtral-8x7B-DPO' does not exist.", 'type': 'invalid_request_error', 'param': 'model', 'code': 'model_not_found'}}
Action: inspect_claim
Reward: +0.0200
Cumulative Reward: +0.5000

--- Step 29 / 50 ---
[-] LLM call failed: Error code: 400 - {'error': {'message': "The requested model 'nousresearch/Nous-Hermes-2-Mixtral-8x7B-DPO' does not exist.", 'type': 'invalid_request_error', 'param': 'model', 'code': 'model_not_found'}}
Action: inspect_claim
Reward: +0.0200
Cumulative Reward: +0.5200

--- Step 30 / 50 ---
[-] LLM call failed: Error code: 400 - {'error': {'message': "The requested model 'nousresearch/Nous-Hermes-2-Mixtral-8x7B-DPO' does not exist.", 'type': 'invalid_request_error', 'param': 'model', 'code': 'model_not_found'}}
Action: inspect_claim
Reward: +0.0000
Cumulative Reward: +0.5200

--- Step 31 / 50 ---
[-] LLM call failed: Error code: 400 - {'error': {'message': "The requested model 'nousresearch/Nous-Hermes-2-Mixtral-8x7B-DPO' does not exist.", 'type': 'invalid_request_error', 'param': 'model', 'code': 'model_not_found'}}
Action: inspect_claim
Reward: +0.0200
Cumulative Reward: +0.5400

--- Step 32 / 50 ---
[-] LLM call failed: Error code: 400 - {'error': {'message': "The requested model 'nousresearch/Nous-Hermes-2-Mixtral-8x7B-DPO' does not exist.", 'type': 'invalid_request_error', 'param': 'model', 'code': 'model_not_found'}}
Action: inspect_claim
Reward: +0.0200
Cumulative Reward: +0.5600

--- Step 33 / 50 ---
[-] LLM call failed: Error code: 400 - {'error': {'message': "The requested model 'nousresearch/Nous-Hermes-2-Mixtral-8x7B-DPO' does not exist.", 'type': 'invalid_request_error', 'param': 'model', 'code': 'model_not_found'}}
Action: inspect_claim
Reward: +0.0200
Cumulative Reward: +0.5800

--- Step 34 / 50 ---
[-] LLM call failed: Error code: 400 - {'error': {'message': "The requested model 'nousresearch/Nous-Hermes-2-Mixtral-8x7B-DPO' does not exist.", 'type': 'invalid_request_error', 'param': 'model', 'code': 'model_not_found'}}
Action: inspect_claim
Reward: +0.0200
Cumulative Reward: +0.6000

--- Step 35 / 50 ---
[-] LLM call failed: Error code: 400 - {'error': {'message': "The requested model 'nousresearch/Nous-Hermes-2-Mixtral-8x7B-DPO' does not exist.", 'type': 'invalid_request_error', 'param': 'model', 'code': 'model_not_found'}}
Action: inspect_claim
Reward: +0.0000
Cumulative Reward: +0.6000

--- Step 36 / 50 ---
[-] LLM call failed: Error code: 400 - {'error': {'message': "The requested model 'nousresearch/Nous-Hermes-2-Mixtral-8x7B-DPO' does not exist.", 'type': 'invalid_request_error', 'param': 'model', 'code': 'model_not_found'}}
Action: inspect_claim
Reward: +0.0200
Cumulative Reward: +0.6200

--- Step 37 / 50 ---
[-] LLM call failed: Error code: 400 - {'error': {'message': "The requested model 'nousresearch/Nous-Hermes-2-Mixtral-8x7B-DPO' does not exist.", 'type': 'invalid_request_error', 'param': 'model', 'code': 'model_not_found'}}
Action: inspect_claim
Reward: +0.0200
Cumulative Reward: +0.6400

--- Step 38 / 50 ---
[-] LLM call failed: Error code: 400 - {'error': {'message': "The requested model 'nousresearch/Nous-Hermes-2-Mixtral-8x7B-DPO' does not exist.", 'type': 'invalid_request_error', 'param': 'model', 'code': 'model_not_found'}}
Action: inspect_claim
Reward: +0.0200
Cumulative Reward: +0.6600

--- Step 39 / 50 ---
[-] LLM call failed: Error code: 400 - {'error': {'message': "The requested model 'nousresearch/Nous-Hermes-2-Mixtral-8x7B-DPO' does not exist.", 'type': 'invalid_request_error', 'param': 'model', 'code': 'model_not_found'}}
Action: inspect_claim
Reward: +0.0200
Cumulative Reward: +0.6800

--- Step 40 / 50 ---
[-] LLM call failed: Error code: 400 - {'error': {'message': "The requested model 'nousresearch/Nous-Hermes-2-Mixtral-8x7B-DPO' does not exist.", 'type': 'invalid_request_error', 'param': 'model', 'code': 'model_not_found'}}
Action: inspect_claim
Reward: +0.0000
Cumulative Reward: +0.6800

--- Step 41 / 50 ---
[-] LLM call failed: Error code: 400 - {'error': {'message': "The requested model 'nousresearch/Nous-Hermes-2-Mixtral-8x7B-DPO' does not exist.", 'type': 'invalid_request_error', 'param': 'model', 'code': 'model_not_found'}}
Action: inspect_claim
Reward: +0.0200
Cumulative Reward: +0.7000

--- Step 42 / 50 ---
[-] LLM call failed: Error code: 400 - {'error': {'message': "The requested model 'nousresearch/Nous-Hermes-2-Mixtral-8x7B-DPO' does not exist.", 'type': 'invalid_request_error', 'param': 'model', 'code': 'model_not_found'}}
Action: inspect_claim
Reward: +0.0200
Cumulative Reward: +0.7200

--- Step 43 / 50 ---
[-] LLM call failed: Error code: 400 - {'error': {'message': "The requested model 'nousresearch/Nous-Hermes-2-Mixtral-8x7B-DPO' does not exist.", 'type': 'invalid_request_error', 'param': 'model', 'code': 'model_not_found'}}
Action: inspect_claim
Reward: +0.0200
Cumulative Reward: +0.7400

--- Step 44 / 50 ---
[-] LLM call failed: Error code: 400 - {'error': {'message': "The requested model 'nousresearch/Nous-Hermes-2-Mixtral-8x7B-DPO' does not exist.", 'type': 'invalid_request_error', 'param': 'model', 'code': 'model_not_found'}}
Action: inspect_claim
Reward: +0.0200
Cumulative Reward: +0.7600

--- Step 45 / 50 ---
[-] LLM call failed: Error code: 400 - {'error': {'message': "The requested model 'nousresearch/Nous-Hermes-2-Mixtral-8x7B-DPO' does not exist.", 'type': 'invalid_request_error', 'param': 'model', 'code': 'model_not_found'}}
Action: inspect_claim
Reward: +0.0000
Cumulative Reward: +0.7600

--- Step 46 / 50 ---
[-] LLM call failed: Error code: 400 - {'error': {'message': "The requested model 'nousresearch/Nous-Hermes-2-Mixtral-8x7B-DPO' does not exist.", 'type': 'invalid_request_error', 'param': 'model', 'code': 'model_not_found'}}
Action: inspect_claim
Reward: +0.0200
Cumulative Reward: +0.7800

--- Step 47 / 50 ---
[-] LLM call failed: Error code: 400 - {'error': {'message': "The requested model 'nousresearch/Nous-Hermes-2-Mixtral-8x7B-DPO' does not exist.", 'type': 'invalid_request_error', 'param': 'model', 'code': 'model_not_found'}}
Action: inspect_claim
Reward: +0.0200
Cumulative Reward: +0.8000

--- Step 48 / 50 ---
[-] LLM call failed: Error code: 400 - {'error': {'message': "The requested model 'nousresearch/Nous-Hermes-2-Mixtral-8x7B-DPO' does not exist.", 'type': 'invalid_request_error', 'param': 'model', 'code': 'model_not_found'}}
Action: inspect_claim
Reward: +0.0200
Cumulative Reward: +0.8200

--- Step 49 / 50 ---
[-] LLM call failed: Error code: 400 - {'error': {'message': "The requested model 'nousresearch/Nous-Hermes-2-Mixtral-8x7B-DPO' does not exist.", 'type': 'invalid_request_error', 'param': 'model', 'code': 'model_not_found'}}
Action: inspect_claim
Reward: +0.0200
Cumulative Reward: +0.8400

--- Step 50 / 50 ---
[-] LLM call failed: Error code: 400 - {'error': {'message': "The requested model 'nousresearch/Nous-Hermes-2-Mixtral-8x7B-DPO' does not exist.", 'type': 'invalid_request_error', 'param': 'model', 'code': 'model_not_found'}}
Action: inspect_claim
Reward: -0.1500
Cumulative Reward: +0.6900

[+] Audit completed in 50 steps

======================================================================
GRADING RESULTS
======================================================================

======================================================================
TASK GRADING RESULTS - MEDIUM
======================================================================
Task ID: task_medium_1775155402
Final Score: 0.0000 / 1.0000
----------------------------------------------------------------------
Categorization Accuracy: 0/14 (0.00%)
Fraud Detection: 0/3 (0.00%)
False Positive Rate: 0 false alarms
GST Accuracy: 0 verified correctly
Approvals: 0 valid claims approved
Rejections: 0 fraudulent + 0 invalid
Fraud Approval Errors: 0 (Heavy penalty)
Steps Used: 50 / 50
Efficiency Score: 0.00%
Total Reward Accumulated: 0.6900
======================================================================



######################################################################
# Running HARD Task
######################################################################
[+] Initialized ExpenseAuditAgent
    Task Difficulty: hard
    Model: nousresearch/Nous-Hermes-2-Mixtral-8x7B-DPO
    API Base URL: https://router.huggingface.co/v1

======================================================================
Starting CorpExpenseAudit Task: HARD
======================================================================

Task Summary:
  - Total Claims: 20
  - Max Steps: 60

Sample Claims:
  1. Cab fare to office - Day 1
     Claim ID: 90126d48, Amount: Rs1500
  2. Cab fare to office - Day 2
     Claim ID: ebcd2c93, Amount: Rs1700
  3. Cab fare to office - Day 3
     Claim ID: 7301072e, Amount: Rs1900

--- Step 1 / 50 ---
[-] LLM call failed: Error code: 400 - {'error': {'message': "The requested model 'nousresearch/Nous-Hermes-2-Mixtral-8x7B-DPO' does not exist.", 'type': 'invalid_request_error', 'param': 'model', 'code': 'model_not_found'}}
Action: inspect_claim
Reward: +0.0200
Cumulative Reward: +0.0200

--- Step 2 / 50 ---
[-] LLM call failed: Error code: 400 - {'error': {'message': "The requested model 'nousresearch/Nous-Hermes-2-Mixtral-8x7B-DPO' does not exist.", 'type': 'invalid_request_error', 'param': 'model', 'code': 'model_not_found'}}
Action: inspect_claim
Reward: +0.0200
Cumulative Reward: +0.0400

--- Step 3 / 50 ---
[-] LLM call failed: Error code: 400 - {'error': {'message': "The requested model 'nousresearch/Nous-Hermes-2-Mixtral-8x7B-DPO' does not exist.", 'type': 'invalid_request_error', 'param': 'model', 'code': 'model_not_found'}}
Action: inspect_claim
Reward: +0.0200
Cumulative Reward: +0.0600

--- Step 4 / 50 ---
[-] LLM call failed: Error code: 400 - {'error': {'message': "The requested model 'nousresearch/Nous-Hermes-2-Mixtral-8x7B-DPO' does not exist.", 'type': 'invalid_request_error', 'param': 'model', 'code': 'model_not_found'}}
Action: inspect_claim
Reward: +0.0200
Cumulative Reward: +0.0800

--- Step 5 / 50 ---
[-] LLM call failed: Error code: 400 - {'error': {'message': "The requested model 'nousresearch/Nous-Hermes-2-Mixtral-8x7B-DPO' does not exist.", 'type': 'invalid_request_error', 'param': 'model', 'code': 'model_not_found'}}
Action: inspect_claim
Reward: +0.0200
Cumulative Reward: +0.1000

--- Step 6 / 50 ---
[-] LLM call failed: Error code: 400 - {'error': {'message': "The requested model 'nousresearch/Nous-Hermes-2-Mixtral-8x7B-DPO' does not exist.", 'type': 'invalid_request_error', 'param': 'model', 'code': 'model_not_found'}}
Action: inspect_claim
Reward: +0.0200
Cumulative Reward: +0.1200

--- Step 7 / 50 ---
[-] LLM call failed: Error code: 400 - {'error': {'message': "The requested model 'nousresearch/Nous-Hermes-2-Mixtral-8x7B-DPO' does not exist.", 'type': 'invalid_request_error', 'param': 'model', 'code': 'model_not_found'}}
Action: inspect_claim
Reward: +0.0200
Cumulative Reward: +0.1400

--- Step 8 / 50 ---
[-] LLM call failed: Error code: 400 - {'error': {'message': "The requested model 'nousresearch/Nous-Hermes-2-Mixtral-8x7B-DPO' does not exist.", 'type': 'invalid_request_error', 'param': 'model', 'code': 'model_not_found'}}
Action: inspect_claim
Reward: +0.0200
Cumulative Reward: +0.1600

--- Step 9 / 50 ---
[-] LLM call failed: Error code: 400 - {'error': {'message': "The requested model 'nousresearch/Nous-Hermes-2-Mixtral-8x7B-DPO' does not exist.", 'type': 'invalid_request_error', 'param': 'model', 'code': 'model_not_found'}}
Action: inspect_claim
Reward: +0.0200
Cumulative Reward: +0.1800

--- Step 10 / 50 ---
[-] LLM call failed: Error code: 400 - {'error': {'message': "The requested model 'nousresearch/Nous-Hermes-2-Mixtral-8x7B-DPO' does not exist.", 'type': 'invalid_request_error', 'param': 'model', 'code': 'model_not_found'}}
Action: inspect_claim
Reward: +0.0200
Cumulative Reward: +0.2000

--- Step 11 / 50 ---
[-] LLM call failed: Error code: 400 - {'error': {'message': "The requested model 'nousresearch/Nous-Hermes-2-Mixtral-8x7B-DPO' does not exist.", 'type': 'invalid_request_error', 'param': 'model', 'code': 'model_not_found'}}
Action: inspect_claim
Reward: +0.0200
Cumulative Reward: +0.2200

--- Step 12 / 50 ---
[-] LLM call failed: Error code: 400 - {'error': {'message': "The requested model 'nousresearch/Nous-Hermes-2-Mixtral-8x7B-DPO' does not exist.", 'type': 'invalid_request_error', 'param': 'model', 'code': 'model_not_found'}}
Action: inspect_claim
Reward: +0.0200
Cumulative Reward: +0.2400

--- Step 13 / 50 ---
[-] LLM call failed: Error code: 400 - {'error': {'message': "The requested model 'nousresearch/Nous-Hermes-2-Mixtral-8x7B-DPO' does not exist.", 'type': 'invalid_request_error', 'param': 'model', 'code': 'model_not_found'}}
Action: inspect_claim
Reward: +0.0200
Cumulative Reward: +0.2600

--- Step 14 / 50 ---
[-] LLM call failed: Error code: 400 - {'error': {'message': "The requested model 'nousresearch/Nous-Hermes-2-Mixtral-8x7B-DPO' does not exist.", 'type': 'invalid_request_error', 'param': 'model', 'code': 'model_not_found'}}
Action: inspect_claim
Reward: +0.0200
Cumulative Reward: +0.2800

--- Step 15 / 50 ---
[-] LLM call failed: Error code: 400 - {'error': {'message': "The requested model 'nousresearch/Nous-Hermes-2-Mixtral-8x7B-DPO' does not exist.", 'type': 'invalid_request_error', 'param': 'model', 'code': 'model_not_found'}}
Action: inspect_claim
Reward: +0.0000
Cumulative Reward: +0.2800

--- Step 16 / 50 ---
[-] LLM call failed: Error code: 400 - {'error': {'message': "The requested model 'nousresearch/Nous-Hermes-2-Mixtral-8x7B-DPO' does not exist.", 'type': 'invalid_request_error', 'param': 'model', 'code': 'model_not_found'}}
Action: inspect_claim
Reward: +0.0200
Cumulative Reward: +0.3000

--- Step 17 / 50 ---
[-] LLM call failed: Error code: 400 - {'error': {'message': "The requested model 'nousresearch/Nous-Hermes-2-Mixtral-8x7B-DPO' does not exist.", 'type': 'invalid_request_error', 'param': 'model', 'code': 'model_not_found'}}
Action: inspect_claim
Reward: +0.0200
Cumulative Reward: +0.3200

--- Step 18 / 50 ---
[-] LLM call failed: Error code: 400 - {'error': {'message': "The requested model 'nousresearch/Nous-Hermes-2-Mixtral-8x7B-DPO' does not exist.", 'type': 'invalid_request_error', 'param': 'model', 'code': 'model_not_found'}}
Action: inspect_claim
Reward: +0.0200
Cumulative Reward: +0.3400

--- Step 19 / 50 ---
[-] LLM call failed: Error code: 400 - {'error': {'message': "The requested model 'nousresearch/Nous-Hermes-2-Mixtral-8x7B-DPO' does not exist.", 'type': 'invalid_request_error', 'param': 'model', 'code': 'model_not_found'}}
Action: inspect_claim
Reward: +0.0200
Cumulative Reward: +0.3600

--- Step 20 / 50 ---
[-] LLM call failed: Error code: 400 - {'error': {'message': "The requested model 'nousresearch/Nous-Hermes-2-Mixtral-8x7B-DPO' does not exist.", 'type': 'invalid_request_error', 'param': 'model', 'code': 'model_not_found'}}
Action: inspect_claim
Reward: +0.0000
Cumulative Reward: +0.3600

--- Step 21 / 50 ---
[-] LLM call failed: Error code: 400 - {'error': {'message': "The requested model 'nousresearch/Nous-Hermes-2-Mixtral-8x7B-DPO' does not exist.", 'type': 'invalid_request_error', 'param': 'model', 'code': 'model_not_found'}}
Action: inspect_claim
Reward: +0.0200
Cumulative Reward: +0.3800

--- Step 22 / 50 ---
[-] LLM call failed: Error code: 400 - {'error': {'message': "The requested model 'nousresearch/Nous-Hermes-2-Mixtral-8x7B-DPO' does not exist.", 'type': 'invalid_request_error', 'param': 'model', 'code': 'model_not_found'}}
Action: inspect_claim
Reward: +0.0200
Cumulative Reward: +0.4000

--- Step 23 / 50 ---
[-] LLM call failed: Error code: 400 - {'error': {'message': "The requested model 'nousresearch/Nous-Hermes-2-Mixtral-8x7B-DPO' does not exist.", 'type': 'invalid_request_error', 'param': 'model', 'code': 'model_not_found'}}
Action: inspect_claim
Reward: +0.0200
Cumulative Reward: +0.4200

--- Step 24 / 50 ---
[-] LLM call failed: Error code: 400 - {'error': {'message': "The requested model 'nousresearch/Nous-Hermes-2-Mixtral-8x7B-DPO' does not exist.", 'type': 'invalid_request_error', 'param': 'model', 'code': 'model_not_found'}}
Action: inspect_claim
Reward: +0.0200
Cumulative Reward: +0.4400

--- Step 25 / 50 ---
[-] LLM call failed: Error code: 400 - {'error': {'message': "The requested model 'nousresearch/Nous-Hermes-2-Mixtral-8x7B-DPO' does not exist.", 'type': 'invalid_request_error', 'param': 'model', 'code': 'model_not_found'}}
Action: inspect_claim
Reward: +0.0000
Cumulative Reward: +0.4400

--- Step 26 / 50 ---
[-] LLM call failed: Error code: 400 - {'error': {'message': "The requested model 'nousresearch/Nous-Hermes-2-Mixtral-8x7B-DPO' does not exist.", 'type': 'invalid_request_error', 'param': 'model', 'code': 'model_not_found'}}
Action: inspect_claim
Reward: +0.0200
Cumulative Reward: +0.4600

--- Step 27 / 50 ---
[-] LLM call failed: Error code: 400 - {'error': {'message': "The requested model 'nousresearch/Nous-Hermes-2-Mixtral-8x7B-DPO' does not exist.", 'type': 'invalid_request_error', 'param': 'model', 'code': 'model_not_found'}}
Action: inspect_claim
Reward: +0.0200
Cumulative Reward: +0.4800

--- Step 28 / 50 ---
[-] LLM call failed: Error code: 400 - {'error': {'message': "The requested model 'nousresearch/Nous-Hermes-2-Mixtral-8x7B-DPO' does not exist.", 'type': 'invalid_request_error', 'param': 'model', 'code': 'model_not_found'}}
Action: inspect_claim
Reward: +0.0200
Cumulative Reward: +0.5000

--- Step 29 / 50 ---
[-] LLM call failed: Error code: 400 - {'error': {'message': "The requested model 'nousresearch/Nous-Hermes-2-Mixtral-8x7B-DPO' does not exist.", 'type': 'invalid_request_error', 'param': 'model', 'code': 'model_not_found'}}
Action: inspect_claim
Reward: +0.0200
Cumulative Reward: +0.5200

--- Step 30 / 50 ---
[-] LLM call failed: Error code: 400 - {'error': {'message': "The requested model 'nousresearch/Nous-Hermes-2-Mixtral-8x7B-DPO' does not exist.", 'type': 'invalid_request_error', 'param': 'model', 'code': 'model_not_found'}}
Action: inspect_claim
Reward: +0.0000
Cumulative Reward: +0.5200

--- Step 31 / 50 ---
[-] LLM call failed: Error code: 400 - {'error': {'message': "The requested model 'nousresearch/Nous-Hermes-2-Mixtral-8x7B-DPO' does not exist.", 'type': 'invalid_request_error', 'param': 'model', 'code': 'model_not_found'}}
Action: inspect_claim
Reward: +0.0200
Cumulative Reward: +0.5400

--- Step 32 / 50 ---
[-] LLM call failed: Error code: 400 - {'error': {'message': "The requested model 'nousresearch/Nous-Hermes-2-Mixtral-8x7B-DPO' does not exist.", 'type': 'invalid_request_error', 'param': 'model', 'code': 'model_not_found'}}
Action: inspect_claim
Reward: +0.0200
Cumulative Reward: +0.5600

--- Step 33 / 50 ---
[-] LLM call failed: Error code: 400 - {'error': {'message': "The requested model 'nousresearch/Nous-Hermes-2-Mixtral-8x7B-DPO' does not exist.", 'type': 'invalid_request_error', 'param': 'model', 'code': 'model_not_found'}}
Action: inspect_claim
Reward: +0.0200
Cumulative Reward: +0.5800

--- Step 34 / 50 ---
[-] LLM call failed: Error code: 400 - {'error': {'message': "The requested model 'nousresearch/Nous-Hermes-2-Mixtral-8x7B-DPO' does not exist.", 'type': 'invalid_request_error', 'param': 'model', 'code': 'model_not_found'}}
Action: inspect_claim
Reward: +0.0200
Cumulative Reward: +0.6000

--- Step 35 / 50 ---
[-] LLM call failed: Error code: 400 - {'error': {'message': "The requested model 'nousresearch/Nous-Hermes-2-Mixtral-8x7B-DPO' does not exist.", 'type': 'invalid_request_error', 'param': 'model', 'code': 'model_not_found'}}
Action: inspect_claim
Reward: +0.0000
Cumulative Reward: +0.6000

--- Step 36 / 50 ---
[-] LLM call failed: Error code: 400 - {'error': {'message': "The requested model 'nousresearch/Nous-Hermes-2-Mixtral-8x7B-DPO' does not exist.", 'type': 'invalid_request_error', 'param': 'model', 'code': 'model_not_found'}}
Action: inspect_claim
Reward: +0.0200
Cumulative Reward: +0.6200

--- Step 37 / 50 ---
[-] LLM call failed: Error code: 400 - {'error': {'message': "The requested model 'nousresearch/Nous-Hermes-2-Mixtral-8x7B-DPO' does not exist.", 'type': 'invalid_request_error', 'param': 'model', 'code': 'model_not_found'}}
Action: inspect_claim
Reward: +0.0200
Cumulative Reward: +0.6400

--- Step 38 / 50 ---
[-] LLM call failed: Error code: 400 - {'error': {'message': "The requested model 'nousresearch/Nous-Hermes-2-Mixtral-8x7B-DPO' does not exist.", 'type': 'invalid_request_error', 'param': 'model', 'code': 'model_not_found'}}
Action: inspect_claim
Reward: +0.0200
Cumulative Reward: +0.6600

--- Step 39 / 50 ---
[-] LLM call failed: Error code: 400 - {'error': {'message': "The requested model 'nousresearch/Nous-Hermes-2-Mixtral-8x7B-DPO' does not exist.", 'type': 'invalid_request_error', 'param': 'model', 'code': 'model_not_found'}}
Action: inspect_claim
Reward: +0.0200
Cumulative Reward: +0.6800

--- Step 40 / 50 ---
[-] LLM call failed: Error code: 400 - {'error': {'message': "The requested model 'nousresearch/Nous-Hermes-2-Mixtral-8x7B-DPO' does not exist.", 'type': 'invalid_request_error', 'param': 'model', 'code': 'model_not_found'}}
Action: inspect_claim
Reward: +0.0000
Cumulative Reward: +0.6800

--- Step 41 / 50 ---
[-] LLM call failed: Error code: 400 - {'error': {'message': "The requested model 'nousresearch/Nous-Hermes-2-Mixtral-8x7B-DPO' does not exist.", 'type': 'invalid_request_error', 'param': 'model', 'code': 'model_not_found'}}
Action: inspect_claim
Reward: +0.0200
Cumulative Reward: +0.7000

--- Step 42 / 50 ---
[-] LLM call failed: Error code: 400 - {'error': {'message': "The requested model 'nousresearch/Nous-Hermes-2-Mixtral-8x7B-DPO' does not exist.", 'type': 'invalid_request_error', 'param': 'model', 'code': 'model_not_found'}}
Action: inspect_claim
Reward: +0.0200
Cumulative Reward: +0.7200

--- Step 43 / 50 ---
[-] LLM call failed: Error code: 400 - {'error': {'message': "The requested model 'nousresearch/Nous-Hermes-2-Mixtral-8x7B-DPO' does not exist.", 'type': 'invalid_request_error', 'param': 'model', 'code': 'model_not_found'}}
Action: inspect_claim
Reward: +0.0200
Cumulative Reward: +0.7400

--- Step 44 / 50 ---
[-] LLM call failed: Error code: 400 - {'error': {'message': "The requested model 'nousresearch/Nous-Hermes-2-Mixtral-8x7B-DPO' does not exist.", 'type': 'invalid_request_error', 'param': 'model', 'code': 'model_not_found'}}
Action: inspect_claim
Reward: +0.0200
Cumulative Reward: +0.7600

--- Step 45 / 50 ---
[-] LLM call failed: Error code: 400 - {'error': {'message': "The requested model 'nousresearch/Nous-Hermes-2-Mixtral-8x7B-DPO' does not exist.", 'type': 'invalid_request_error', 'param': 'model', 'code': 'model_not_found'}}
Action: inspect_claim
Reward: +0.0000
Cumulative Reward: +0.7600

--- Step 46 / 50 ---
[-] LLM call failed: Error code: 400 - {'error': {'message': "The requested model 'nousresearch/Nous-Hermes-2-Mixtral-8x7B-DPO' does not exist.", 'type': 'invalid_request_error', 'param': 'model', 'code': 'model_not_found'}}
Action: inspect_claim
Reward: +0.0200
Cumulative Reward: +0.7800

--- Step 47 / 50 ---
[-] LLM call failed: Error code: 400 - {'error': {'message': "The requested model 'nousresearch/Nous-Hermes-2-Mixtral-8x7B-DPO' does not exist.", 'type': 'invalid_request_error', 'param': 'model', 'code': 'model_not_found'}}
Action: inspect_claim
Reward: +0.0200
Cumulative Reward: +0.8000

--- Step 48 / 50 ---
[-] LLM call failed: Error code: 400 - {'error': {'message': "The requested model 'nousresearch/Nous-Hermes-2-Mixtral-8x7B-DPO' does not exist.", 'type': 'invalid_request_error', 'param': 'model', 'code': 'model_not_found'}}
Action: inspect_claim
Reward: +0.0200
Cumulative Reward: +0.8200

--- Step 49 / 50 ---
[-] LLM call failed: Error code: 400 - {'error': {'message': "The requested model 'nousresearch/Nous-Hermes-2-Mixtral-8x7B-DPO' does not exist.", 'type': 'invalid_request_error', 'param': 'model', 'code': 'model_not_found'}}
Action: inspect_claim
Reward: +0.0200
Cumulative Reward: +0.8400

--- Step 50 / 50 ---
[-] LLM call failed: Error code: 400 - {'error': {'message': "The requested model 'nousresearch/Nous-Hermes-2-Mixtral-8x7B-DPO' does not exist.", 'type': 'invalid_request_error', 'param': 'model', 'code': 'model_not_found'}}
Action: inspect_claim
Reward: +0.0000
Cumulative Reward: +0.8400

[!] Max steps reached. Generating final report...

======================================================================
GRADING RESULTS
======================================================================

======================================================================
TASK GRADING RESULTS - HARD
======================================================================
Task ID: task_hard_1775155417
Final Score: 0.0225 / 1.0000
----------------------------------------------------------------------
Categorization Accuracy: 0/20 (0.00%)
Fraud Detection: 0/8 (0.00%)
False Positive Rate: 0 false alarms
GST Accuracy: 0 verified correctly
Approvals: 0 valid claims approved
Rejections: 0 fraudulent + 0 invalid
Fraud Approval Errors: 0 (Heavy penalty)
Steps Used: 51 / 60
Efficiency Score: 15.00%
Total Reward Accumulated: 0.7900
======================================================================



======================================================================
FINAL SUMMARY - All Tasks
======================================================================

EASY Task:
  - Steps Used: 40
  - Final Score: 0.3000 / 1.0000

MEDIUM Task:
  - Steps Used: 50
  - Final Score: 0.0000 / 1.0000

HARD Task:
  - Steps Used: 50
  - Final Score: 0.0225 / 1.0000

Average Score: 0.1075

======================================================================

